// Jest Snapshot v1, https://goo.gl/fbAQLP

exports[`renders Health component without crashing. 1`] = `ShallowWrapper {}`;
