// Jest Snapshot v1, https://goo.gl/fbAQLP

exports[`renders Machines component without crashing. 1`] = `ShallowWrapper {}`;
